
> build
> vite build

[36mvite v6.4.3 [32mbuilding for production...[36m[39m
transforming...
[32mΓ£ô[39m 22 modules transformed.
node.exe : [31mΓ£ù[39m 
Build failed in 800ms
At C:\Program 
Files\nodejs\npm.ps1:29 
char:3
+   & $NODE_EXE $NPM_CLI_JS 
$args
+   
~~~~~~~~~~~~~~~~~~~~~~~~~~~~~
    + CategoryInfo           
   : NotSpecified: ([31mΓ£  
  ù[39m Build failed in 8   
 00ms:String) [], RemoteE    
xception
    + FullyQualifiedErrorId  
   : NativeCommandError
 
[31merror during build:
[31mCould not resolve 
"../Components/ChatList" 
from "resources/js/Pages/Chat
/Index.jsx"[31m
file: [36mC:/Users/amanr/One
Drive/Desktop/pms/resources/j
s/Pages/Chat/Index.jsx[31m
    at getRollupError (file:/
//C:/Users/amanr/OneDrive/Des
ktop/pms/node_modules/rollup/
dist/es/shared/parseAst.js:31
7:41)
    at error (file:///C:/User
s/amanr/OneDrive/Desktop/pms/
node_modules/rollup/dist/es/s
hared/parseAst.js:313:42)
    at ModuleLoader.handleInv
alidResolvedId (file:///C:/Us
ers/amanr/OneDrive/Desktop/pm
s/node_modules/rollup/dist/es
/shared/node-entry.js:22167:2
4)
    at file:///C:/Users/amanr
/OneDrive/Desktop/pms/node_mo
dules/rollup/dist/es/shared/n
ode-entry.js:22127:26[39m
